<?xml version="1.0" encoding="utf-8"?><testsuites><testsuite errors="0" failures="0" hostname="ffeb846bc9d7" name="pytest" skipped="0" tests="24" time="2.796" timestamp="2020-04-02T00:25:49.348686"><testcase classname="tests.test_auth" file="tests/test_auth.py" line="7" name="test_register" time="0.276"></testcase><testcase classname="tests.test_auth" file="tests/test_auth.py" line="23" name="test_register_validate_input[--Username is required.]" time="0.068"></testcase><testcase classname="tests.test_auth" file="tests/test_auth.py" line="23" name="test_register_validate_input[a--Password is required.]" time="0.084"></testcase><testcase classname="tests.test_auth" file="tests/test_auth.py" line="23" name="test_register_validate_input[test-test-already registered]" time="0.069"></testcase><testcase classname="tests.test_auth" file="tests/test_auth.py" line="38" name="test_login" time="0.146"></testcase><testcase classname="tests.test_auth" file="tests/test_auth.py" line="54" name="test_login_validate_input[a-test-Incorrect username.]" time="0.048"></testcase><testcase classname="tests.test_auth" file="tests/test_auth.py" line="54" name="test_login_validate_input[test-a-Incorrect password.]" time="0.126"></testcase><testcase classname="tests.test_auth" file="tests/test_auth.py" line="63" name="test_logout" time="0.126"></testcase><testcase classname="tests.test_blog" file="tests/test_blog.py" line="5" name="test_index" time="0.155"></testcase><testcase classname="tests.test_blog" file="tests/test_blog.py" line="18" name="test_login_required[/create]" time="0.043"></testcase><testcase classname="tests.test_blog" file="tests/test_blog.py" line="18" name="test_login_required[/1/update]" time="0.050"></testcase><testcase classname="tests.test_blog" file="tests/test_blog.py" line="18" name="test_login_required[/1/delete]" time="0.050"></testcase><testcase classname="tests.test_blog" file="tests/test_blog.py" line="24" name="test_author_required" time="0.164"></testcase><testcase classname="tests.test_blog" file="tests/test_blog.py" line="39" name="test_exists_required[/2/update]" time="0.125"></testcase><testcase classname="tests.test_blog" file="tests/test_blog.py" line="39" name="test_exists_required[/2/delete]" time="0.119"></testcase><testcase classname="tests.test_blog" file="tests/test_blog.py" line="45" name="test_create" time="0.191"></testcase><testcase classname="tests.test_blog" file="tests/test_blog.py" line="56" name="test_update" time="0.192"></testcase><testcase classname="tests.test_blog" file="tests/test_blog.py" line="67" name="test_create_update_validate[/create]" time="0.199"></testcase><testcase classname="tests.test_blog" file="tests/test_blog.py" line="67" name="test_create_update_validate[/1/update]" time="0.197"></testcase><testcase classname="tests.test_blog" file="tests/test_blog.py" line="74" name="test_delete" time="0.121"></testcase><testcase classname="tests.test_db" file="tests/test_db.py" line="7" name="test_get_close_db" time="0.030"></testcase><testcase classname="tests.test_db" file="tests/test_db.py" line="18" name="test_init_db_command" time="0.032"></testcase><testcase classname="tests.test_factory" file="tests/test_factory.py" line="3" name="test_config" time="0.019"></testcase><testcase classname="tests.test_factory" file="tests/test_factory.py" line="9" name="test_hello" time="0.039"></testcase></testsuite></testsuites>